{
    "-profile test": {
        "content": [
            69,
            {
                "CATPACK_CONTIGS": {
                    "catpack": 6.0,
                    "catpack database": 202501
                },
                "CMSEARCHTBLOUTDEOVERLAP": {
                    "cmsearch_tblout_deoverlap": "v0.09"
                },
                "COMBINEDGENECALLER_MERGE": {
                    "mgnify-pipelines-toolkit": "1.4.12"
                },
                "CONCATENATE_CMSEARCH_DEOVERLAP": {
                    "pigz": "2.3.4"
                },
                "CONCATENATE_DBCAN_GFFS": {
                    "python": "3.13.1"
                },
                "CONCATENATE_INTERPROSCAN_GFFS": {
                    "python": "3.13.1"
                },
                "DBCAN": {
                    "dbcan": "5.1.2",
                    "dbcan_db": "4.1.4-V13"
                },
                "DIAMOND_BLASTP": {
                    "diamond": "2.1.11"
                },
                "DIAMOND_RHEACHEBI": {
                    "diamond": "2.1.11",
                    "mgnify-pipelines-toolkit": "0.2.1",
                    "uniref90rhea database": 202511
                },
                "EASEL_ESLSFETCH": {
                    "easel": 0.49
                },
                "EGGNOGMAPPER_ORTHOLOGS": {
                    "eggnog-mapper": "2.1.12",
                    "eggnog-mapper database": "5.0.2"
                },
                "EXTRACTCOORDS": {
                    "mgnify-pipelines-toolkit": "1.2.11"
                },
                "FILTERPAF": {
                    "gawk": "5.3.0"
                },
                "FILTER_ASSEMBLY": {
                    "seqkit": "v2.10.0",
                    "samtools": "1.22.1+htslib-1.22.1"
                },
                "FIND_UNPIGZ": {
                    "find": "4.6.0",
                    "pigz": 2.8
                },
                "FRAGGENESCANRS": {
                    "FragGeneScanRs": "1.1.0"
                },
                "HMMSEARCH_KOFAMS": {
                    "hmmer": 3.4,
                    "kofam version": 202503
                },
                "INFERNAL_CMSEARCH": {
                    "cmsearch": "1.1.5",
                    "Rfam version": 15
                },
                "INTERPROSCAN": {
                    "InterProScan": "5.76-107.0",
                    "InterProScan database": "5.76-107.0"
                },
                "KRONA_KTIMPORTTEXT": {
                    "krona": "2.8.1"
                },
                "MGNIFYPIPELINESTOOLKIT_KRONATXTFROMCATCLASSIFICATION": {
                    "mgnify-pipelines-toolkit": "1.4.14"
                },
                "MINIMAP2_ALIGN": {
                    "minimap2": "2.29-r1283",
                    "samtools": 1.21
                },
                "PYRODIGAL": {
                    "pyrodigal": "3.6.3"
                },
                "QUAST": {
                    "quast": "5.2.0"
                },
                "RENAME_CONTIGS": {
                    "python": "3.9.21",
                    "pyfastax": "2.2.0"
                },
                "SEQKIT_GREP": {
                    "seqkit": "2.9.0"
                },
                "SEQKIT_SPLIT2": {
                    "seqkit": "2.8.0"
                },
                "TABIX_BGZIP_RHEAANDCHEBI": {
                    "tabix": 1.2
                },
                "Workflow": {
                    "ebi-metagenomics/assembly-analysis-pipeline": "v6.0.0-rc.6"
                }
            },
            [
                "ERZ101",
                "ERZ101/cds",
                "ERZ101/cds/ERZ101_predicted_cds.faa.gz",
                "ERZ101/cds/ERZ101_predicted_cds.gff.gz",
                "ERZ101/cds/ERZ101_predicted_orf.ffn.gz",
                "ERZ101/functional-annotation",
                "ERZ101/functional-annotation/dbcan",
                "ERZ101/functional-annotation/dbcan/ERZ101_dbcan_cgc.gff.gz",
                "ERZ101/functional-annotation/rhea-reactions",
                "ERZ101/functional-annotation/rhea-reactions/ERZ101_proteins2rhea.tsv.gz",
                "ERZ101/functional-annotation/rhea-reactions/ERZ101_proteins2rhea.tsv.gz.gzi",
                "ERZ101/qc",
                "ERZ101/qc/ERZ101_filtered_contigs.fasta.gz",
                "ERZ101/qc/ERZ101_filtered_contigs.fasta.gz.fai",
                "ERZ101/qc/ERZ101_filtered_contigs.fasta.gz.gzi",
                "ERZ101/qc/ERZ101_quast_stats.tsv.gz",
                "ERZ101/qc/decontamination",
                "ERZ101/qc/decontamination/ERZ101_aligned_to_contaminant.tsv.gz",
                "ERZ101/qc/decontamination/ERZ101_aligned_to_human.tsv.gz",
                "ERZ101/taxonomy",
                "ERZ101/taxonomy/ERZ101.html",
                "ERZ101/taxonomy/ERZ101.krona.txt.gz",
                "ERZ101/taxonomy/ERZ101_contigs_taxonomy.tsv.gz",
                "ERZ102",
                "ERZ102/cds",
                "ERZ102/cds/ERZ102_predicted_cds.faa.gz",
                "ERZ102/cds/ERZ102_predicted_cds.gff.gz",
                "ERZ102/cds/ERZ102_predicted_orf.ffn.gz",
                "ERZ102/functional-annotation",
                "ERZ102/functional-annotation/dbcan",
                "ERZ102/functional-annotation/dbcan/ERZ102_dbcan_cgc.gff.gz",
                "ERZ102/functional-annotation/rhea-reactions",
                "ERZ102/functional-annotation/rhea-reactions/ERZ102_proteins2rhea.tsv.gz",
                "ERZ102/functional-annotation/rhea-reactions/ERZ102_proteins2rhea.tsv.gz.gzi",
                "ERZ102/qc",
                "ERZ102/qc/ERZ102_filtered_contigs.fasta.gz",
                "ERZ102/qc/ERZ102_filtered_contigs.fasta.gz.fai",
                "ERZ102/qc/ERZ102_filtered_contigs.fasta.gz.gzi",
                "ERZ102/qc/ERZ102_quast_stats.tsv.gz",
                "ERZ102/qc/decontamination",
                "ERZ102/qc/decontamination/ERZ102_aligned_to_human.tsv.gz",
                "ERZ102/taxonomy",
                "ERZ102/taxonomy/ERZ102.html",
                "ERZ102/taxonomy/ERZ102.krona.txt.gz",
                "ERZ102/taxonomy/ERZ102_contigs_taxonomy.tsv.gz",
                "ERZ666",
                "ERZ666/qc",
                "ERZ666/qc/ERZ666_quast_stats.tsv.gz",
                "ERZ999",
                "ERZ999/qc",
                "ERZ999/qc/ERZ999_quast_stats.tsv.gz",
                "downstream_samplesheets",
                "downstream_samplesheets/virify_samplesheet.csv",
                "dram-distill",
                "pipeline_info",
                "pipeline_info/assembly_analysis_pipeline_software_mqc_versions.yml",
                "qc_failed_assemblies.csv"
            ],
            [
                "ERZ101_predicted_cds.gff.gz:md5,a2b9e4f849cff61e9fa825781e9938e9",
                "ERZ101_dbcan_cgc.gff.gz:md5,e14511869398914ec5ec9037ae60f7b0",
                "ERZ101_proteins2rhea.tsv.gz:md5,d41d8cd98f00b204e9800998ecf8427e",
                "ERZ101_proteins2rhea.tsv.gz.gzi:md5,c2cb56f4c5bf656faca0986e7eba0308",
                "ERZ101_filtered_contigs.fasta.gz:md5,6499031bc92e9dd14320dc30de65b438",
                "ERZ101_filtered_contigs.fasta.gz.fai:md5,7a69e27810bebf9e31e84bc9b6d62206",
                "ERZ101_filtered_contigs.fasta.gz.gzi:md5,4e8f724db1539b04d8cde5564f0b471c",
                "ERZ101_quast_stats.tsv.gz:md5,94b537397fa8207f31e84d798eca4f67",
                "ERZ101_aligned_to_contaminant.tsv.gz:md5,bf678dade1ff3067918b61ce0d4225e6",
                "ERZ101_aligned_to_human.tsv.gz:md5,515849d5bcd7dfbdb518539785d47f50",
                "ERZ101.html:md5,e56d9f9358ef11fc76a5c4d95bcea909",
                "ERZ101.krona.txt.gz:md5,e8f24f3ddbf7289920fae9f28ab185c8",
                "ERZ101_contigs_taxonomy.tsv.gz:md5,79cd8563ff9bca613332d1a516f0ef3e",
                "ERZ102_predicted_cds.gff.gz:md5,1716b1f345484cf09c26c7771cd90781",
                "ERZ102_dbcan_cgc.gff.gz:md5,4c860ec9d2d5406fd4240b28dc5cec58",
                "ERZ102_proteins2rhea.tsv.gz:md5,d41d8cd98f00b204e9800998ecf8427e",
                "ERZ102_proteins2rhea.tsv.gz.gzi:md5,c2cb56f4c5bf656faca0986e7eba0308",
                "ERZ102_filtered_contigs.fasta.gz:md5,dcfc40de8e74f662979c8089436e2191",
                "ERZ102_filtered_contigs.fasta.gz.fai:md5,0fc4caf89637e0f0a36722a24c0e1317",
                "ERZ102_filtered_contigs.fasta.gz.gzi:md5,03dd37017aa7366aa239bad2a4eac58e",
                "ERZ102_quast_stats.tsv.gz:md5,6dbcb902abac2a1435a1af29a87c8808",
                "ERZ102_aligned_to_human.tsv.gz:md5,9654f1968ff591b11032e2447e422951",
                "ERZ102.html:md5,4bbfb6dff8ab8cb9b1f058b5a94eebdd",
                "ERZ102.krona.txt.gz:md5,ac2d11d2e91eeb5ca459caff14762973",
                "ERZ102_contigs_taxonomy.tsv.gz:md5,13147201c1ce2cc4d44202d48948cbe8",
                "ERZ666_quast_stats.tsv.gz:md5,9b4095efcbe329d05308346bbbe08ed3",
                "ERZ999_quast_stats.tsv.gz:md5,72b939c0fe473ed347c03348bc130e27",
                "qc_failed_assemblies.csv:md5,3292564aa6122920901d9bb724447ad4"
            ]
        ],
        "meta": {
            "nf-test": "0.9.2",
            "nextflow": "25.10.3"
        },
        "timestamp": "2026-02-16T15:48:54.868465"
    }
}